// Vitest Snapshot v1, https://vitest.dev/guide/snapshot.html

exports[`FormSummary > should match snapshot 1`] = `
{
  "asFragment": [Function],
  "baseElement": <body>
    <div>
      <div
        class="form-summary"
        data-testid="form-summary"
      >
        <div
          class="form-summary__inner"
        >
          <div
            class="form-summary__plan"
          >
            <div>
              <p>
                 (Monthly)
              </p>
              <span
                class="link"
              >
                Change
              </span>
            </div>
            <span>
              +undefined/mo
            </span>
          </div>
        </div>
        <div
          class="form-summary__total"
        >
          <p>
            Total (per month/year)
          </p>
          <span>
            +$0/mo
          </span>
        </div>
      </div>
    </div>
  </body>,
  "container": <div>
    <div
      class="form-summary"
      data-testid="form-summary"
    >
      <div
        class="form-summary__inner"
      >
        <div
          class="form-summary__plan"
        >
          <div>
            <p>
               (Monthly)
            </p>
            <span
              class="link"
            >
              Change
            </span>
          </div>
          <span>
            +undefined/mo
          </span>
        </div>
      </div>
      <div
        class="form-summary__total"
      >
        <p>
          Total (per month/year)
        </p>
        <span>
          +$0/mo
        </span>
      </div>
    </div>
  </div>,
  "debug": [Function],
  "findAllByAltText": [Function],
  "findAllByDisplayValue": [Function],
  "findAllByLabelText": [Function],
  "findAllByPlaceholderText": [Function],
  "findAllByRole": [Function],
  "findAllByTestId": [Function],
  "findAllByText": [Function],
  "findAllByTitle": [Function],
  "findByAltText": [Function],
  "findByDisplayValue": [Function],
  "findByLabelText": [Function],
  "findByPlaceholderText": [Function],
  "findByRole": [Function],
  "findByTestId": [Function],
  "findByText": [Function],
  "findByTitle": [Function],
  "getAllByAltText": [Function],
  "getAllByDisplayValue": [Function],
  "getAllByLabelText": [Function],
  "getAllByPlaceholderText": [Function],
  "getAllByRole": [Function],
  "getAllByTestId": [Function],
  "getAllByText": [Function],
  "getAllByTitle": [Function],
  "getByAltText": [Function],
  "getByDisplayValue": [Function],
  "getByLabelText": [Function],
  "getByPlaceholderText": [Function],
  "getByRole": [Function],
  "getByTestId": [Function],
  "getByText": [Function],
  "getByTitle": [Function],
  "queryAllByAltText": [Function],
  "queryAllByDisplayValue": [Function],
  "queryAllByLabelText": [Function],
  "queryAllByPlaceholderText": [Function],
  "queryAllByRole": [Function],
  "queryAllByTestId": [Function],
  "queryAllByText": [Function],
  "queryAllByTitle": [Function],
  "queryByAltText": [Function],
  "queryByDisplayValue": [Function],
  "queryByLabelText": [Function],
  "queryByPlaceholderText": [Function],
  "queryByRole": [Function],
  "queryByTestId": [Function],
  "queryByText": [Function],
  "queryByTitle": [Function],
  "rerender": [Function],
  "unmount": [Function],
}
`;
