// Vitest Snapshot v1, https://vitest.dev/guide/snapshot.html

exports[`Plan > should match snapshot 1`] = `
{
  "asFragment": [Function],
  "baseElement": <body>
    <div>
      <div
        class="single-plan "
        data-testid="testid"
      >
        <svg
          height="40"
          viewBox="0 0 40 40"
          width="40"
          xmlns="http://www.w3.org/2000/svg"
        >
          <g
            fill="none"
            fill-rule="evenodd"
          >
            <circle
              cx="20"
              cy="20"
              fill="#FFAF7E"
              r="20"
            />
            <path
              d="M24.995 18.005h-3.998v5.998h-2v-5.998H15a1 1 0 0 0-1 1V29a1 1 0 0 0 1 1h9.995a1 1 0 0 0 1-1v-9.995a1 1 0 0 0-1-1Zm-5.997 8.996h-2v-1.999h2v2Zm2-11.175a2.999 2.999 0 1 0-2 0v2.18h2v-2.18Z"
              fill="#FFF"
              fill-rule="nonzero"
            />
          </g>
        </svg>
        <div>
          <p
            class="single-plan__ttl"
          >
            Arcade
          </p>
          <p
            class="single-plan__desc"
          >
            $
            9
            /mo
          </p>
        </div>
      </div>
    </div>
  </body>,
  "container": <div>
    <div
      class="single-plan "
      data-testid="testid"
    >
      <svg
        height="40"
        viewBox="0 0 40 40"
        width="40"
        xmlns="http://www.w3.org/2000/svg"
      >
        <g
          fill="none"
          fill-rule="evenodd"
        >
          <circle
            cx="20"
            cy="20"
            fill="#FFAF7E"
            r="20"
          />
          <path
            d="M24.995 18.005h-3.998v5.998h-2v-5.998H15a1 1 0 0 0-1 1V29a1 1 0 0 0 1 1h9.995a1 1 0 0 0 1-1v-9.995a1 1 0 0 0-1-1Zm-5.997 8.996h-2v-1.999h2v2Zm2-11.175a2.999 2.999 0 1 0-2 0v2.18h2v-2.18Z"
            fill="#FFF"
            fill-rule="nonzero"
          />
        </g>
      </svg>
      <div>
        <p
          class="single-plan__ttl"
        >
          Arcade
        </p>
        <p
          class="single-plan__desc"
        >
          $
          9
          /mo
        </p>
      </div>
    </div>
  </div>,
  "debug": [Function],
  "findAllByAltText": [Function],
  "findAllByDisplayValue": [Function],
  "findAllByLabelText": [Function],
  "findAllByPlaceholderText": [Function],
  "findAllByRole": [Function],
  "findAllByTestId": [Function],
  "findAllByText": [Function],
  "findAllByTitle": [Function],
  "findByAltText": [Function],
  "findByDisplayValue": [Function],
  "findByLabelText": [Function],
  "findByPlaceholderText": [Function],
  "findByRole": [Function],
  "findByTestId": [Function],
  "findByText": [Function],
  "findByTitle": [Function],
  "getAllByAltText": [Function],
  "getAllByDisplayValue": [Function],
  "getAllByLabelText": [Function],
  "getAllByPlaceholderText": [Function],
  "getAllByRole": [Function],
  "getAllByTestId": [Function],
  "getAllByText": [Function],
  "getAllByTitle": [Function],
  "getByAltText": [Function],
  "getByDisplayValue": [Function],
  "getByLabelText": [Function],
  "getByPlaceholderText": [Function],
  "getByRole": [Function],
  "getByTestId": [Function],
  "getByText": [Function],
  "getByTitle": [Function],
  "queryAllByAltText": [Function],
  "queryAllByDisplayValue": [Function],
  "queryAllByLabelText": [Function],
  "queryAllByPlaceholderText": [Function],
  "queryAllByRole": [Function],
  "queryAllByTestId": [Function],
  "queryAllByText": [Function],
  "queryAllByTitle": [Function],
  "queryByAltText": [Function],
  "queryByDisplayValue": [Function],
  "queryByLabelText": [Function],
  "queryByPlaceholderText": [Function],
  "queryByRole": [Function],
  "queryByTestId": [Function],
  "queryByText": [Function],
  "queryByTitle": [Function],
  "rerender": [Function],
  "unmount": [Function],
}
`;
