// Vitest Snapshot v1, https://vitest.dev/guide/snapshot.html

exports[`AddOn > should match snapshot 1`] = `
{
  "asFragment": [Function],
  "baseElement": <body>
    <div>
      <div
        class="add-on  "
        data-testid="test"
      >
        <div
          class="checkbox-wr add-on__inner"
        >
          <input
            id="add-on-1"
            name="test"
            type="checkbox"
          />
          <label
            for="add-on-'1"
          >
            <div
              class="add-on__details"
            >
              <div>
                <p
                  class="add-on__ttl"
                >
                  test
                </p>
                <p
                  class="add-on__desc"
                >
                  test desc
                </p>
              </div>
              <div
                class="add-on__price"
              >
                +$
                12
                /mo
              </div>
            </div>
          </label>
        </div>
      </div>
    </div>
  </body>,
  "container": <div>
    <div
      class="add-on  "
      data-testid="test"
    >
      <div
        class="checkbox-wr add-on__inner"
      >
        <input
          id="add-on-1"
          name="test"
          type="checkbox"
        />
        <label
          for="add-on-'1"
        >
          <div
            class="add-on__details"
          >
            <div>
              <p
                class="add-on__ttl"
              >
                test
              </p>
              <p
                class="add-on__desc"
              >
                test desc
              </p>
            </div>
            <div
              class="add-on__price"
            >
              +$
              12
              /mo
            </div>
          </div>
        </label>
      </div>
    </div>
  </div>,
  "debug": [Function],
  "findAllByAltText": [Function],
  "findAllByDisplayValue": [Function],
  "findAllByLabelText": [Function],
  "findAllByPlaceholderText": [Function],
  "findAllByRole": [Function],
  "findAllByTestId": [Function],
  "findAllByText": [Function],
  "findAllByTitle": [Function],
  "findByAltText": [Function],
  "findByDisplayValue": [Function],
  "findByLabelText": [Function],
  "findByPlaceholderText": [Function],
  "findByRole": [Function],
  "findByTestId": [Function],
  "findByText": [Function],
  "findByTitle": [Function],
  "getAllByAltText": [Function],
  "getAllByDisplayValue": [Function],
  "getAllByLabelText": [Function],
  "getAllByPlaceholderText": [Function],
  "getAllByRole": [Function],
  "getAllByTestId": [Function],
  "getAllByText": [Function],
  "getAllByTitle": [Function],
  "getByAltText": [Function],
  "getByDisplayValue": [Function],
  "getByLabelText": [Function],
  "getByPlaceholderText": [Function],
  "getByRole": [Function],
  "getByTestId": [Function],
  "getByText": [Function],
  "getByTitle": [Function],
  "queryAllByAltText": [Function],
  "queryAllByDisplayValue": [Function],
  "queryAllByLabelText": [Function],
  "queryAllByPlaceholderText": [Function],
  "queryAllByRole": [Function],
  "queryAllByTestId": [Function],
  "queryAllByText": [Function],
  "queryAllByTitle": [Function],
  "queryByAltText": [Function],
  "queryByDisplayValue": [Function],
  "queryByLabelText": [Function],
  "queryByPlaceholderText": [Function],
  "queryByRole": [Function],
  "queryByTestId": [Function],
  "queryByText": [Function],
  "queryByTitle": [Function],
  "rerender": [Function],
  "unmount": [Function],
}
`;
